// Jest Snapshot v1, https://goo.gl/fbAQLP

exports[`should render AddPetPage correctly 1`] = `
<div>
  <PetForm
    onSubmit={[Function]}
  />
</div>
`;
