// Jest Snapshot v1, https://goo.gl/fbAQLP

exports[`should render Header correctly 1`] = `
<header>
  <h1>
    Pet Shelter
  </h1>
  <NavLink
    exact={true}
    to="/"
  >
    Home
  </NavLink>
  <NavLink
    to="/pets"
  >
    Pets
  </NavLink>
</header>
`;
