// Jest Snapshot v1, https://goo.gl/fbAQLP

exports[`should render PetsList with empty message 1`] = `
<div>
  <p>
    Add a pet to start!
  </p>
</div>
`;

exports[`should render PetsList with pets 1`] = `
<div>
  <_default
    birthdate={-63158400000}
    chip="123ABC123"
    id="1"
    images={
      Array [
        "https://www.pet-art.net/images/pastel/labrador-retriever-jenson1.jpg",
      ]
    }
    key="1"
    name="Marla"
    place="Barchetta"
    sex="F"
  />
  <_default
    birthdate={-47437200000}
    chip="123ABC123"
    id="2"
    key="2"
    name="Bimba"
    place="Barchetta"
    sex="F"
  />
  <_default
    birthdate={-15901200000}
    chip="123ABC123"
    id="3"
    key="3"
    name="Aimee"
    place="Barchetta"
    sex="F"
  />
  <_default
    birthdate={-110595600000}
    id="4"
    key="4"
    name="Maia"
    place="Campagna"
    sex="F"
  />
  <_default
    birthdate={-347155200000}
    id="5"
    key="5"
    name="Emma"
    place="Barchetta"
    sex="F"
  />
  <_default
    birthdate={-252460800000}
    chip="123ABC123"
    id="6"
    key="6"
    name="Tommy"
    place="Macelo"
    sex="M"
  />
  <_default
    birthdate={-283996800000}
    id="7"
    key="7"
    name="Bello Bruno"
    place="Sasi"
    sex="M"
  />
  <_default
    birthdate={-126230400000}
    chip="123ABC123"
    id="8"
    key="8"
    name="Bubu"
    place="Sasi"
    sex="M"
  />
  <_default
    birthdate={-157766400000}
    id="9"
    key="9"
    name="Blaky"
    place="Macelo"
    sex="M"
  />
</div>
`;
