// Jest Snapshot v1, https://goo.gl/fbAQLP

exports[`should render PetsListItem correctly 1`] = `
<Link
  className="list-item"
  to="/pets/1"
>
  <div>
    <h3
      className="list-item__title"
    >
      Marla 
       
      <FontAwesomeIcon
        border={false}
        className=""
        fixedWidth={false}
        flip={null}
        icon={
          Object {
            "icon": Array [
              288,
              512,
              Array [],
              "f221",
              "M288 176c0-79.5-64.5-144-144-144S0 96.5 0 176c0 68.5 47.9 125.9 112 140.4V368H76c-6.6 0-12 5.4-12 12v40c0 6.6 5.4 12 12 12h36v36c0 6.6 5.4 12 12 12h40c6.6 0 12-5.4 12-12v-36h36c6.6 0 12-5.4 12-12v-40c0-6.6-5.4-12-12-12h-36v-51.6c64.1-14.5 112-71.9 112-140.4zm-224 0c0-44.1 35.9-80 80-80s80 35.9 80 80-35.9 80-80 80-80-35.9-80-80z",
            ],
            "iconName": "venus",
            "prefix": "fas",
          }
        }
        inverse={false}
        listItem={false}
        mask={null}
        pull={null}
        pulse={false}
        rotation={null}
        size={null}
        spin={false}
        symbol={false}
        title="female"
        transform={null}
      />
    </h3>
    <span
      className="list-item__sub-title"
    >
      Incrocio (Black and white)
    </span>
  </div>
  <div>
    <h3
      className="list-item__place"
    >
      Barchetta
    </h3>
  </div>
</Link>
`;
